<html>
<body>
<pre>
<h1>µVision Build Log</h1>
<h2>Project:</h2>
C:\Users\Zee Livermorium\Desktop\PN532_TM4C123\Projects\PN532_MifareClassic_Format_NDEF_4C123\MifareClassic_Format_NDEF.uvproj
Project File Date:  05/23/2018

<h2>Output:</h2>
Rebuild target 'MifareClassic_Format_NDEF'
compiling MifareClassic_Format_NDEF.c...
compiling PN532.c...
compiling LED.c...
compiling PLL.c...
compiling Serial.c...
assembling startup.s...
compiling PN532_SSI.c...
linking...
Program Size: Code=5104 RO-data=212 RW-data=32 ZI-data=1280  
".\MifareClassic_Format_NDEF.axf" - 0 Error(s), 0 Warning(s).
</pre>
</body>
</html>
