<html>
<body>
<pre>
<h1>µVision Build Log</h1>
<h2>Project:</h2>
C:\Users\Zee Livermorium\Desktop\PN532_TM4C123\Projects\PN532_ISO14443A_Detect_ST7735_4C123\ISO14443A_Detect_ST7735.uvproj
Project File Date:  05/23/2018

<h2>Output:</h2>
Rebuild target 'ISO14443A_Detect_ST7735'
compiling ISO14443A_Detect_ST7735.c...
compiling PN532.c...
compiling LED.c...
compiling PLL.c...
compiling ST7735.c...
assembling startup.s...
compiling PN532_SSI.c...
linking...
Program Size: Code=5000 RO-data=2056 RW-data=56 ZI-data=1296  
".\ISO14443A_Detect_ST7735.axf" - 0 Error(s), 0 Warning(s).
</pre>
</body>
</html>
