ARM Linker, 5.03 [Build 76] [MDK-ARM Lite]

==============================================================================

Section Cross References

    iso14443a_detect_st7735.o(i.main) refers to pll.o(i.PLL_Init) for PLL_Init
    iso14443a_detect_st7735.o(i.main) refers to pn532.o(i.PN532_Init) for PN532_Init
    iso14443a_detect_st7735.o(i.main) refers to st7735.o(i.ST7735_InitR) for ST7735_InitR
    iso14443a_detect_st7735.o(i.main) refers to st7735.o(i.ST7735_SetCursor) for ST7735_SetCursor
    iso14443a_detect_st7735.o(i.main) refers to st7735.o(i.ST7735_FillScreen) for ST7735_FillScreen
    iso14443a_detect_st7735.o(i.main) refers to st7735.o(i.ST7735_OutString) for ST7735_OutString
    iso14443a_detect_st7735.o(i.main) refers to st7735.o(i.ST7735_OutChar) for ST7735_OutChar
    iso14443a_detect_st7735.o(i.main) refers to pn532.o(i.PN532_getFirmwareVersion) for PN532_getFirmwareVersion
    iso14443a_detect_st7735.o(i.main) refers to st7735.o(i.ST7735_OutUDec) for ST7735_OutUDec
    iso14443a_detect_st7735.o(i.main) refers to pn532.o(i.setPassiveActivationRetries) for setPassiveActivationRetries
    iso14443a_detect_st7735.o(i.main) refers to pn532.o(i.SAMConfig) for SAMConfig
    iso14443a_detect_st7735.o(i.main) refers to pn532.o(i.readPassiveTargetID) for readPassiveTargetID
    iso14443a_detect_st7735.o(i.main) refers to iso14443a_detect_st7735.o(i.delay) for delay
    iso14443a_detect_st7735.o(i.main) refers to iso14443a_detect_st7735.o(.data) for uidLength
    pn532.o(i.PN532_Init) refers to pn532_ssi.o(i.PN532_SSI_Init) for PN532_SSI_Init
    pn532.o(i.PN532_getFirmwareVersion) refers to pn532_ssi.o(i.writeCommand) for writeCommand
    pn532.o(i.PN532_getFirmwareVersion) refers to pn532_ssi.o(i.readResponse) for readResponse
    pn532.o(i.PN532_getFirmwareVersion) refers to pn532.o(.bss) for packet_buffer
    pn532.o(i.SAMConfig) refers to pn532_ssi.o(i.writeCommand) for writeCommand
    pn532.o(i.SAMConfig) refers to pn532_ssi.o(i.readResponse) for readResponse
    pn532.o(i.SAMConfig) refers to pn532.o(.bss) for packet_buffer
    pn532.o(i.mifareClassic_authenticateBlock) refers to pn532_ssi.o(i.writeCommand) for writeCommand
    pn532.o(i.mifareClassic_authenticateBlock) refers to pn532_ssi.o(i.readResponse) for readResponse
    pn532.o(i.mifareClassic_authenticateBlock) refers to pn532.o(.bss) for packet_buffer
    pn532.o(i.mifareClassic_formatNDEF) refers to pn532.o(i.mifareClassic_writeDataBlock) for mifareClassic_writeDataBlock
    pn532.o(i.mifareClassic_readDataBlock) refers to pn532_ssi.o(i.writeCommand) for writeCommand
    pn532.o(i.mifareClassic_readDataBlock) refers to pn532_ssi.o(i.readResponse) for readResponse
    pn532.o(i.mifareClassic_readDataBlock) refers to memcpya.o(.text) for __aeabi_memcpy
    pn532.o(i.mifareClassic_readDataBlock) refers to pn532.o(.bss) for packet_buffer
    pn532.o(i.mifareClassic_writeDataBlock) refers to memcpya.o(.text) for __aeabi_memcpy
    pn532.o(i.mifareClassic_writeDataBlock) refers to pn532_ssi.o(i.writeCommand) for writeCommand
    pn532.o(i.mifareClassic_writeDataBlock) refers to pn532_ssi.o(i.readResponse) for readResponse
    pn532.o(i.mifareClassic_writeDataBlock) refers to pn532.o(.bss) for packet_buffer
    pn532.o(i.mifareClassic_writeNDEFURI) refers to strlen.o(.text) for strlen
    pn532.o(i.mifareClassic_writeNDEFURI) refers to memcpya.o(.text) for __aeabi_memcpy
    pn532.o(i.mifareClassic_writeNDEFURI) refers to pn532.o(i.mifareClassic_writeDataBlock) for mifareClassic_writeDataBlock
    pn532.o(i.mifareUltralight_readPage) refers to pn532_ssi.o(i.writeCommand) for writeCommand
    pn532.o(i.mifareUltralight_readPage) refers to pn532_ssi.o(i.readResponse) for readResponse
    pn532.o(i.mifareUltralight_readPage) refers to pn532.o(.bss) for packet_buffer
    pn532.o(i.mifareUltralight_writePage) refers to pn532_ssi.o(i.writeCommand) for writeCommand
    pn532.o(i.mifareUltralight_writePage) refers to pn532_ssi.o(i.readResponse) for readResponse
    pn532.o(i.mifareUltralight_writePage) refers to pn532.o(.bss) for packet_buffer
    pn532.o(i.readPassiveTargetID) refers to pn532_ssi.o(i.writeCommand) for writeCommand
    pn532.o(i.readPassiveTargetID) refers to pn532_ssi.o(i.readResponse) for readResponse
    pn532.o(i.readPassiveTargetID) refers to pn532.o(.bss) for packet_buffer
    pn532.o(i.setPassiveActivationRetries) refers to pn532_ssi.o(i.writeCommand) for writeCommand
    pn532.o(i.setPassiveActivationRetries) refers to pn532_ssi.o(i.readResponse) for readResponse
    pn532.o(i.setPassiveActivationRetries) refers to pn532.o(.bss) for packet_buffer
    st7735.o(i.Output_Clear) refers to st7735.o(i.ST7735_FillScreen) for ST7735_FillScreen
    st7735.o(i.Output_Color) refers to st7735.o(i.ST7735_SetTextColor) for ST7735_SetTextColor
    st7735.o(i.Output_Init) refers to st7735.o(i.ST7735_InitR) for ST7735_InitR
    st7735.o(i.Output_Init) refers to st7735.o(i.ST7735_FillScreen) for ST7735_FillScreen
    st7735.o(i.Output_Off) refers to st7735.o(i.Output_Clear) for Output_Clear
    st7735.o(i.Output_On) refers to st7735.o(i.Output_Init) for Output_Init
    st7735.o(i.ST7735_DrawBitmap) refers to st7735.o(i.setAddrWindow) for setAddrWindow
    st7735.o(i.ST7735_DrawBitmap) refers to st7735.o(i.writedata) for writedata
    st7735.o(i.ST7735_DrawBitmap) refers to st7735.o(.data) for _width
    st7735.o(i.ST7735_DrawChar) refers to st7735.o(i.setAddrWindow) for setAddrWindow
    st7735.o(i.ST7735_DrawChar) refers to st7735.o(i.pushColor) for pushColor
    st7735.o(i.ST7735_DrawChar) refers to st7735.o(.data) for _width
    st7735.o(i.ST7735_DrawChar) refers to st7735.o(.constdata) for Font
    st7735.o(i.ST7735_DrawCharS) refers to st7735.o(i.ST7735_DrawPixel) for ST7735_DrawPixel
    st7735.o(i.ST7735_DrawCharS) refers to st7735.o(i.ST7735_FillRect) for ST7735_FillRect
    st7735.o(i.ST7735_DrawCharS) refers to st7735.o(.data) for _width
    st7735.o(i.ST7735_DrawCharS) refers to st7735.o(.constdata) for Font
    st7735.o(i.ST7735_DrawFastHLine) refers to st7735.o(i.setAddrWindow) for setAddrWindow
    st7735.o(i.ST7735_DrawFastHLine) refers to st7735.o(i.writedata) for writedata
    st7735.o(i.ST7735_DrawFastHLine) refers to st7735.o(.data) for _width
    st7735.o(i.ST7735_DrawFastVLine) refers to st7735.o(i.setAddrWindow) for setAddrWindow
    st7735.o(i.ST7735_DrawFastVLine) refers to st7735.o(i.writedata) for writedata
    st7735.o(i.ST7735_DrawFastVLine) refers to st7735.o(.data) for _width
    st7735.o(i.ST7735_DrawPixel) refers to st7735.o(i.setAddrWindow) for setAddrWindow
    st7735.o(i.ST7735_DrawPixel) refers to st7735.o(i.pushColor) for pushColor
    st7735.o(i.ST7735_DrawPixel) refers to st7735.o(.data) for _width
    st7735.o(i.ST7735_DrawString) refers to st7735.o(i.ST7735_DrawCharS) for ST7735_DrawCharS
    st7735.o(i.ST7735_FillRect) refers to st7735.o(i.setAddrWindow) for setAddrWindow
    st7735.o(i.ST7735_FillRect) refers to st7735.o(i.writedata) for writedata
    st7735.o(i.ST7735_FillRect) refers to st7735.o(.data) for _width
    st7735.o(i.ST7735_FillScreen) refers to st7735.o(i.ST7735_FillRect) for ST7735_FillRect
    st7735.o(i.ST7735_FillScreen) refers to st7735.o(.data) for _height
    st7735.o(i.ST7735_InitB) refers to st7735.o(i.commonInit) for commonInit
    st7735.o(i.ST7735_InitB) refers to st7735.o(i.ST7735_SetCursor) for ST7735_SetCursor
    st7735.o(i.ST7735_InitB) refers to st7735.o(i.ST7735_FillScreen) for ST7735_FillScreen
    st7735.o(i.ST7735_InitB) refers to st7735.o(.constdata) for Bcmd
    st7735.o(i.ST7735_InitB) refers to st7735.o(.data) for StTextColor
    st7735.o(i.ST7735_InitR) refers to st7735.o(i.commonInit) for commonInit
    st7735.o(i.ST7735_InitR) refers to st7735.o(i.commandList) for commandList
    st7735.o(i.ST7735_InitR) refers to st7735.o(i.writecommand) for writecommand
    st7735.o(i.ST7735_InitR) refers to st7735.o(i.writedata) for writedata
    st7735.o(i.ST7735_InitR) refers to st7735.o(i.ST7735_SetCursor) for ST7735_SetCursor
    st7735.o(i.ST7735_InitR) refers to st7735.o(i.ST7735_FillScreen) for ST7735_FillScreen
    st7735.o(i.ST7735_InitR) refers to st7735.o(.constdata) for Rcmd1
    st7735.o(i.ST7735_InitR) refers to st7735.o(.data) for ColStart
    st7735.o(i.ST7735_InvertDisplay) refers to st7735.o(i.writecommand) for writecommand
    st7735.o(i.ST7735_OutChar) refers to st7735.o(i.ST7735_DrawString) for ST7735_DrawString
    st7735.o(i.ST7735_OutChar) refers to st7735.o(i.ST7735_DrawCharS) for ST7735_DrawCharS
    st7735.o(i.ST7735_OutChar) refers to st7735.o(.data) for StY
    st7735.o(i.ST7735_OutString) refers to st7735.o(i.ST7735_OutChar) for ST7735_OutChar
    st7735.o(i.ST7735_OutUDec) refers to st7735.o(i.fillmessage) for fillmessage
    st7735.o(i.ST7735_OutUDec) refers to st7735.o(i.ST7735_DrawString) for ST7735_DrawString
    st7735.o(i.ST7735_OutUDec) refers to st7735.o(i.ST7735_DrawCharS) for ST7735_DrawCharS
    st7735.o(i.ST7735_OutUDec) refers to st7735.o(.data) for Messageindex
    st7735.o(i.ST7735_OutUDec) refers to st7735.o(.bss) for Message
    st7735.o(i.ST7735_PlotBar) refers to st7735.o(i.ST7735_DrawFastVLine) for ST7735_DrawFastVLine
    st7735.o(i.ST7735_PlotBar) refers to st7735.o(.data) for Ymin
    st7735.o(i.ST7735_PlotClear) refers to st7735.o(i.ST7735_Color565) for ST7735_Color565
    st7735.o(i.ST7735_PlotClear) refers to st7735.o(i.ST7735_FillRect) for ST7735_FillRect
    st7735.o(i.ST7735_PlotClear) refers to st7735.o(.data) for Ymax
    st7735.o(i.ST7735_PlotLine) refers to st7735.o(i.ST7735_DrawPixel) for ST7735_DrawPixel
    st7735.o(i.ST7735_PlotLine) refers to st7735.o(.data) for Ymin
    st7735.o(i.ST7735_PlotNext) refers to st7735.o(.data) for X
    st7735.o(i.ST7735_PlotNextErase) refers to st7735.o(i.ST7735_Color565) for ST7735_Color565
    st7735.o(i.ST7735_PlotNextErase) refers to st7735.o(i.ST7735_DrawFastVLine) for ST7735_DrawFastVLine
    st7735.o(i.ST7735_PlotNextErase) refers to st7735.o(.data) for X
    st7735.o(i.ST7735_PlotPoint) refers to st7735.o(i.ST7735_DrawPixel) for ST7735_DrawPixel
    st7735.o(i.ST7735_PlotPoint) refers to st7735.o(.data) for Ymin
    st7735.o(i.ST7735_PlotPoints) refers to st7735.o(i.ST7735_DrawPixel) for ST7735_DrawPixel
    st7735.o(i.ST7735_PlotPoints) refers to st7735.o(.data) for Ymin
    st7735.o(i.ST7735_PlotdBfs) refers to st7735.o(i.ST7735_DrawFastVLine) for ST7735_DrawFastVLine
    st7735.o(i.ST7735_PlotdBfs) refers to st7735.o(.constdata) for dBfs
    st7735.o(i.ST7735_PlotdBfs) refers to st7735.o(.data) for X
    st7735.o(i.ST7735_SetCursor) refers to st7735.o(.data) for StX
    st7735.o(i.ST7735_SetRotation) refers to st7735.o(i.writecommand) for writecommand
    st7735.o(i.ST7735_SetRotation) refers to st7735.o(i.writedata) for writedata
    st7735.o(i.ST7735_SetRotation) refers to st7735.o(.data) for Rotation
    st7735.o(i.ST7735_SetTextColor) refers to st7735.o(.data) for StTextColor
    st7735.o(i.commandList) refers to st7735.o(i.writecommand) for writecommand
    st7735.o(i.commandList) refers to st7735.o(i.writedata) for writedata
    st7735.o(i.commandList) refers to st7735.o(i.Delay1ms) for Delay1ms
    st7735.o(i.commonInit) refers to st7735.o(i.Delay1ms) for Delay1ms
    st7735.o(i.commonInit) refers to st7735.o(i.commandList) for commandList
    st7735.o(i.commonInit) refers to st7735.o(.data) for RowStart
    st7735.o(i.fillmessage) refers to st7735.o(.bss) for Message
    st7735.o(i.fillmessage) refers to st7735.o(.data) for Messageindex
    st7735.o(i.fputc) refers to st7735.o(i.ST7735_OutChar) for ST7735_OutChar
    st7735.o(i.pushColor) refers to st7735.o(i.writedata) for writedata
    st7735.o(i.setAddrWindow) refers to st7735.o(i.writecommand) for writecommand
    st7735.o(i.setAddrWindow) refers to st7735.o(i.writedata) for writedata
    st7735.o(i.setAddrWindow) refers to st7735.o(.data) for ColStart
    startup.o(RESET) refers to startup.o(STACK) for StackMem
    startup.o(RESET) refers to entry.o(.ARM.Collect$$$$00000000) for __main
    pn532_ssi.o(i.PN532_SSI_Init) refers to pn532_ssi.o(i.SS_LOW) for SS_LOW
    pn532_ssi.o(i.PN532_SSI_Init) refers to pn532_ssi.o(i.delay) for delay
    pn532_ssi.o(i.PN532_SSI_Init) refers to pn532_ssi.o(i.SS_HIGH) for SS_HIGH
    pn532_ssi.o(i.isReadyForResponse) refers to pn532_ssi.o(i.SS_LOW) for SS_LOW
    pn532_ssi.o(i.isReadyForResponse) refers to pn532_ssi.o(i.write) for write
    pn532_ssi.o(i.isReadyForResponse) refers to pn532_ssi.o(i.read) for read
    pn532_ssi.o(i.isReadyForResponse) refers to pn532_ssi.o(i.delay) for delay
    pn532_ssi.o(i.isReadyForResponse) refers to pn532_ssi.o(i.SS_HIGH) for SS_HIGH
    pn532_ssi.o(i.read) refers to pn532_ssi.o(i.reverseBitOrder) for reverseBitOrder
    pn532_ssi.o(i.readACK) refers to pn532_ssi.o(i.SS_LOW) for SS_LOW
    pn532_ssi.o(i.readACK) refers to pn532_ssi.o(i.delay) for delay
    pn532_ssi.o(i.readACK) refers to pn532_ssi.o(i.write) for write
    pn532_ssi.o(i.readACK) refers to pn532_ssi.o(i.read) for read
    pn532_ssi.o(i.readACK) refers to pn532_ssi.o(i.SS_HIGH) for SS_HIGH
    pn532_ssi.o(i.readACK) refers to memcmp.o(.text) for memcmp
    pn532_ssi.o(i.readACK) refers to pn532_ssi.o(.constdata) for ACK_frame
    pn532_ssi.o(i.readResponse) refers to pn532_ssi.o(i.waitToBeReadyForResponse) for waitToBeReadyForResponse
    pn532_ssi.o(i.readResponse) refers to pn532_ssi.o(i.SS_LOW) for SS_LOW
    pn532_ssi.o(i.readResponse) refers to pn532_ssi.o(i.delay) for delay
    pn532_ssi.o(i.readResponse) refers to pn532_ssi.o(i.write) for write
    pn532_ssi.o(i.readResponse) refers to pn532_ssi.o(i.read) for read
    pn532_ssi.o(i.readResponse) refers to pn532_ssi.o(i.SS_HIGH) for SS_HIGH
    pn532_ssi.o(i.readResponse) refers to pn532_ssi.o(.data) for command
    pn532_ssi.o(i.waitToBeReadyForResponse) refers to pn532_ssi.o(i.delay) for delay
    pn532_ssi.o(i.waitToBeReadyForResponse) refers to pn532_ssi.o(i.isReadyForResponse) for isReadyForResponse
    pn532_ssi.o(i.write) refers to pn532_ssi.o(i.reverseBitOrder) for reverseBitOrder
    pn532_ssi.o(i.writeCommand) refers to pn532_ssi.o(i.writeFrame) for writeFrame
    pn532_ssi.o(i.writeCommand) refers to pn532_ssi.o(i.waitToBeReadyForResponse) for waitToBeReadyForResponse
    pn532_ssi.o(i.writeCommand) refers to pn532_ssi.o(i.readACK) for readACK
    pn532_ssi.o(i.writeCommand) refers to pn532_ssi.o(.data) for command
    pn532_ssi.o(i.writeFrame) refers to pn532_ssi.o(i.SS_LOW) for SS_LOW
    pn532_ssi.o(i.writeFrame) refers to pn532_ssi.o(i.delay) for delay
    pn532_ssi.o(i.writeFrame) refers to pn532_ssi.o(i.write) for write
    pn532_ssi.o(i.writeFrame) refers to pn532_ssi.o(i.SS_HIGH) for SS_HIGH
    entry.o(.ARM.Collect$$$$00000000) refers (Special) to entry10a.o(.ARM.Collect$$$$0000000D) for __rt_final_cpp
    entry.o(.ARM.Collect$$$$00000000) refers (Special) to entry11a.o(.ARM.Collect$$$$0000000F) for __rt_final_exit
    entry.o(.ARM.Collect$$$$00000000) refers (Special) to entry7b.o(.ARM.Collect$$$$00000008) for _main_clock
    entry.o(.ARM.Collect$$$$00000000) refers (Special) to entry8b.o(.ARM.Collect$$$$0000000A) for _main_cpp_init
    entry.o(.ARM.Collect$$$$00000000) refers (Special) to entry9a.o(.ARM.Collect$$$$0000000B) for _main_init
    entry.o(.ARM.Collect$$$$00000000) refers (Special) to entry5.o(.ARM.Collect$$$$00000004) for _main_scatterload
    entry.o(.ARM.Collect$$$$00000000) refers (Special) to entry2.o(.ARM.Collect$$$$00000001) for _main_stk
    entry2.o(.ARM.Collect$$$$00000001) refers to entry2.o(.ARM.Collect$$$$00002712) for __lit__00000000
    entry2.o(.ARM.Collect$$$$00002712) refers to startup.o(STACK) for __initial_sp
    entry2.o(__vectab_stack_and_reset_area) refers to startup.o(STACK) for __initial_sp
    entry2.o(__vectab_stack_and_reset_area) refers to entry.o(.ARM.Collect$$$$00000000) for __main
    entry5.o(.ARM.Collect$$$$00000004) refers to init.o(.text) for __scatterload
    entry9a.o(.ARM.Collect$$$$0000000B) refers to iso14443a_detect_st7735.o(i.main) for main
    entry9b.o(.ARM.Collect$$$$0000000C) refers to iso14443a_detect_st7735.o(i.main) for main
    init.o(.text) refers to entry5.o(.ARM.Collect$$$$00000004) for __main_after_scatterload


==============================================================================

Removing Unused input sections from the image.

    Removing pn532.o(i.delay), (24 bytes).
    Removing pn532.o(i.mifareClassic_authenticateBlock), (124 bytes).
    Removing pn532.o(i.mifareClassic_formatNDEF), (148 bytes).
    Removing pn532.o(i.mifareClassic_isFirstBlock), (34 bytes).
    Removing pn532.o(i.mifareClassic_isTrailerBlock), (38 bytes).
    Removing pn532.o(i.mifareClassic_readDataBlock), (76 bytes).
    Removing pn532.o(i.mifareClassic_writeDataBlock), (72 bytes).
    Removing pn532.o(i.mifareClassic_writeNDEFURI), (420 bytes).
    Removing pn532.o(i.mifareUltralight_readPage), (80 bytes).
    Removing pn532.o(i.mifareUltralight_writePage), (64 bytes).
    Removing led.o(i.LED_BLUE_OFF), (24 bytes).
    Removing led.o(i.LED_BLUE_ON), (24 bytes).
    Removing led.o(i.LED_GREEN_OFF), (24 bytes).
    Removing led.o(i.LED_GREEN_ON), (24 bytes).
    Removing led.o(i.LED_Init), (108 bytes).
    Removing led.o(i.LED_RED_OFF), (24 bytes).
    Removing led.o(i.LED_RED_ON), (24 bytes).
    Removing st7735.o(i.Output_Clear), (10 bytes).
    Removing st7735.o(i.Output_Color), (12 bytes).
    Removing st7735.o(i.Output_Init), (16 bytes).
    Removing st7735.o(i.Output_Off), (8 bytes).
    Removing st7735.o(i.Output_On), (8 bytes).
    Removing st7735.o(i.ST7735_Color565), (24 bytes).
    Removing st7735.o(i.ST7735_DrawBitmap), (288 bytes).
    Removing st7735.o(i.ST7735_DrawChar), (268 bytes).
    Removing st7735.o(i.ST7735_DrawFastHLine), (124 bytes).
    Removing st7735.o(i.ST7735_DrawFastVLine), (124 bytes).
    Removing st7735.o(i.ST7735_InitB), (40 bytes).
    Removing st7735.o(i.ST7735_InvertDisplay), (22 bytes).
    Removing st7735.o(i.ST7735_PlotBar), (88 bytes).
    Removing st7735.o(i.ST7735_PlotClear), (92 bytes).
    Removing st7735.o(i.ST7735_PlotLine), (264 bytes).
    Removing st7735.o(i.ST7735_PlotNext), (32 bytes).
    Removing st7735.o(i.ST7735_PlotNextErase), (64 bytes).
    Removing st7735.o(i.ST7735_PlotPoint), (152 bytes).
    Removing st7735.o(i.ST7735_PlotPoints), (172 bytes).
    Removing st7735.o(i.ST7735_PlotdBfs), (60 bytes).
    Removing st7735.o(i.ST7735_SetRotation), (212 bytes).
    Removing st7735.o(i.ST7735_SetTextColor), (12 bytes).
    Removing st7735.o(i.ST7735_SwapColor), (18 bytes).
    Removing st7735.o(i.ferror), (8 bytes).
    Removing st7735.o(i.fgetc), (6 bytes).
    Removing st7735.o(i.fputc), (16 bytes).
    Removing startup.o(HEAP), (0 bytes).
    Removing startup.o(.text), (28 bytes).

45 unused section(s) (total 3500 bytes) removed from the image.

==============================================================================

Image Symbol Table

    Local Symbols

    Symbol Name                              Value     Ov Type        Size  Object(Section)

    RESET                                    0x00000000   Section      644  startup.o(RESET)
    ../clib/microlib/init/entry.s            0x00000000   Number         0  entry7b.o ABSOLUTE
    ../clib/microlib/init/entry.s            0x00000000   Number         0  entry7a.o ABSOLUTE
    ../clib/microlib/init/entry.s            0x00000000   Number         0  entry8b.o ABSOLUTE
    ../clib/microlib/init/entry.s            0x00000000   Number         0  entry5.o ABSOLUTE
    ../clib/microlib/init/entry.s            0x00000000   Number         0  entry9a.o ABSOLUTE
    ../clib/microlib/init/entry.s            0x00000000   Number         0  entry10a.o ABSOLUTE
    ../clib/microlib/init/entry.s            0x00000000   Number         0  entry10b.o ABSOLUTE
    ../clib/microlib/init/entry.s            0x00000000   Number         0  entry2.o ABSOLUTE
    ../clib/microlib/init/entry.s            0x00000000   Number         0  entry11a.o ABSOLUTE
    ../clib/microlib/init/entry.s            0x00000000   Number         0  entry9b.o ABSOLUTE
    ../clib/microlib/init/entry.s            0x00000000   Number         0  entry11b.o ABSOLUTE
    ../clib/microlib/init/entry.s            0x00000000   Number         0  entry.o ABSOLUTE
    ../clib/microlib/init/entry.s            0x00000000   Number         0  entry8a.o ABSOLUTE
    ../clib/microlib/string/memcmp.c         0x00000000   Number         0  memcmp.o ABSOLUTE
    ../clib/microlib/string/memcpy.c         0x00000000   Number         0  memcpyb.o ABSOLUTE
    ../clib/microlib/string/memcpy.c         0x00000000   Number         0  memcpya.o ABSOLUTE
    ../clib/microlib/string/strlen.c         0x00000000   Number         0  strlen.o ABSOLUTE
    ..\..\PN532\PN532.c                      0x00000000   Number         0  pn532.o ABSOLUTE
    ..\..\PN532_SSI\PN532_SSI.c              0x00000000   Number         0  pn532_ssi.o ABSOLUTE
    ..\..\inc\LED.c                          0x00000000   Number         0  led.o ABSOLUTE
    ..\..\inc\PLL.c                          0x00000000   Number         0  pll.o ABSOLUTE
    ..\..\inc\ST7735.c                       0x00000000   Number         0  st7735.o ABSOLUTE
    ..\..\inc\startup.s                      0x00000000   Number         0  startup.o ABSOLUTE
    ISO14443A_Detect_ST7735.c                0x00000000   Number         0  iso14443a_detect_st7735.o ABSOLUTE
    dc.s                                     0x00000000   Number         0  dc.o ABSOLUTE
    handlers.s                               0x00000000   Number         0  handlers.o ABSOLUTE
    init.s                                   0x00000000   Number         0  init.o ABSOLUTE
    $v0                                      0x0000026c   Number         0  startup.o(RESET)
    .ARM.Collect$$$$00000000                 0x00000284   Section        0  entry.o(.ARM.Collect$$$$00000000)
    .ARM.Collect$$$$00000001                 0x00000284   Section        4  entry2.o(.ARM.Collect$$$$00000001)
    .ARM.Collect$$$$00000004                 0x00000288   Section        4  entry5.o(.ARM.Collect$$$$00000004)
    .ARM.Collect$$$$00000008                 0x0000028c   Section        0  entry7b.o(.ARM.Collect$$$$00000008)
    .ARM.Collect$$$$0000000A                 0x0000028c   Section        0  entry8b.o(.ARM.Collect$$$$0000000A)
    .ARM.Collect$$$$0000000B                 0x0000028c   Section        8  entry9a.o(.ARM.Collect$$$$0000000B)
    .ARM.Collect$$$$0000000D                 0x00000294   Section        0  entry10a.o(.ARM.Collect$$$$0000000D)
    .ARM.Collect$$$$0000000F                 0x00000294   Section        0  entry11a.o(.ARM.Collect$$$$0000000F)
    .ARM.Collect$$$$00002712                 0x00000294   Section        4  entry2.o(.ARM.Collect$$$$00002712)
    __lit__00000000                          0x00000294   Data           4  entry2.o(.ARM.Collect$$$$00002712)
    .text                                    0x00000298   Section        0  memcmp.o(.text)
    .text                                    0x000002b4   Section       36  init.o(.text)
    i.Delay1ms                               0x000002d8   Section        0  st7735.o(i.Delay1ms)
    i.PLL_Init                               0x000002f8   Section        0  pll.o(i.PLL_Init)
    i.PN532_Init                             0x00000374   Section        0  pn532.o(i.PN532_Init)
    i.PN532_SSI_Init                         0x0000037c   Section        0  pn532_ssi.o(i.PN532_SSI_Init)
    i.PN532_getFirmwareVersion               0x00000498   Section        0  pn532.o(i.PN532_getFirmwareVersion)
    i.SAMConfig                              0x000004e0   Section        0  pn532.o(i.SAMConfig)
    i.SS_HIGH                                0x00000514   Section        0  pn532_ssi.o(i.SS_HIGH)
    SS_HIGH                                  0x00000515   Thumb Code    16  pn532_ssi.o(i.SS_HIGH)
    i.SS_LOW                                 0x0000052c   Section        0  pn532_ssi.o(i.SS_LOW)
    SS_LOW                                   0x0000052d   Thumb Code    16  pn532_ssi.o(i.SS_LOW)
    i.ST7735_DrawCharS                       0x00000544   Section        0  st7735.o(i.ST7735_DrawCharS)
    i.ST7735_DrawPixel                       0x00000638   Section        0  st7735.o(i.ST7735_DrawPixel)
    i.ST7735_DrawString                      0x00000680   Section        0  st7735.o(i.ST7735_DrawString)
    i.ST7735_FillRect                        0x000006d8   Section        0  st7735.o(i.ST7735_FillRect)
    i.ST7735_FillScreen                      0x00000784   Section        0  st7735.o(i.ST7735_FillScreen)
    i.ST7735_InitR                           0x000007a8   Section        0  st7735.o(i.ST7735_InitR)
    i.ST7735_OutChar                         0x00000824   Section        0  st7735.o(i.ST7735_OutChar)
    i.ST7735_OutString                       0x000008f8   Section        0  st7735.o(i.ST7735_OutString)
    i.ST7735_OutUDec                         0x00000910   Section        0  st7735.o(i.ST7735_OutUDec)
    i.ST7735_SetCursor                       0x0000099c   Section        0  st7735.o(i.ST7735_SetCursor)
    i.__scatterload_copy                     0x000009bc   Section       14  handlers.o(i.__scatterload_copy)
    i.__scatterload_null                     0x000009ca   Section        2  handlers.o(i.__scatterload_null)
    i.__scatterload_zeroinit                 0x000009cc   Section       14  handlers.o(i.__scatterload_zeroinit)
    i.commandList                            0x000009da   Section        0  st7735.o(i.commandList)
    commandList                              0x000009db   Thumb Code    86  st7735.o(i.commandList)
    i.commonInit                             0x00000a30   Section        0  st7735.o(i.commonInit)
    commonInit                               0x00000a31   Thumb Code   340  st7735.o(i.commonInit)
    i.delay                                  0x00000bb4   Section        0  iso14443a_detect_st7735.o(i.delay)
    delay                                    0x00000bb5   Thumb Code    24  iso14443a_detect_st7735.o(i.delay)
    i.delay                                  0x00000bcc   Section        0  pn532_ssi.o(i.delay)
    delay                                    0x00000bcd   Thumb Code    24  pn532_ssi.o(i.delay)
    i.fillmessage                            0x00000be4   Section        0  st7735.o(i.fillmessage)
    i.isReadyForResponse                     0x00000c2c   Section        0  pn532_ssi.o(i.isReadyForResponse)
    isReadyForResponse                       0x00000c2d   Thumb Code    40  pn532_ssi.o(i.isReadyForResponse)
    i.main                                   0x00000c54   Section        0  iso14443a_detect_st7735.o(i.main)
    i.pushColor                              0x00000f50   Section        0  st7735.o(i.pushColor)
    pushColor                                0x00000f51   Thumb Code    18  st7735.o(i.pushColor)
    i.read                                   0x00000f64   Section        0  pn532_ssi.o(i.read)
    read                                     0x00000f65   Thumb Code    46  pn532_ssi.o(i.read)
    i.readACK                                0x00000f98   Section        0  pn532_ssi.o(i.readACK)
    readACK                                  0x00000f99   Thumb Code    60  pn532_ssi.o(i.readACK)
    i.readPassiveTargetID                    0x00000fd8   Section        0  pn532.o(i.readPassiveTargetID)
    i.readResponse                           0x0000103c   Section        0  pn532_ssi.o(i.readResponse)
    i.reverseBitOrder                        0x00001144   Section        0  pn532_ssi.o(i.reverseBitOrder)
    reverseBitOrder                          0x00001145   Thumb Code    60  pn532_ssi.o(i.reverseBitOrder)
    i.setAddrWindow                          0x00001180   Section        0  st7735.o(i.setAddrWindow)
    setAddrWindow                            0x00001181   Thumb Code   106  st7735.o(i.setAddrWindow)
    i.setPassiveActivationRetries            0x000011f4   Section        0  pn532.o(i.setPassiveActivationRetries)
    i.waitToBeReadyForResponse               0x0000122c   Section        0  pn532_ssi.o(i.waitToBeReadyForResponse)
    waitToBeReadyForResponse                 0x0000122d   Thumb Code    34  pn532_ssi.o(i.waitToBeReadyForResponse)
    i.write                                  0x00001250   Section        0  pn532_ssi.o(i.write)
    write                                    0x00001251   Thumb Code    48  pn532_ssi.o(i.write)
    i.writeCommand                           0x00001284   Section        0  pn532_ssi.o(i.writeCommand)
    i.writeFrame                             0x000012b8   Section        0  pn532_ssi.o(i.writeFrame)
    writeFrame                               0x000012b9   Thumb Code   126  pn532_ssi.o(i.writeFrame)
    i.writecommand                           0x00001338   Section        0  st7735.o(i.writecommand)
    writecommand                             0x00001339   Thumb Code    40  st7735.o(i.writecommand)
    i.writedata                              0x00001368   Section        0  st7735.o(i.writedata)
    writedata                                0x00001369   Thumb Code    24  st7735.o(i.writedata)
    .constdata                               0x00001388   Section     2018  st7735.o(.constdata)
    Font                                     0x00001388   Data        1275  st7735.o(.constdata)
    Bcmd                                     0x00001883   Data         103  st7735.o(.constdata)
    Rcmd1                                    0x000018ea   Data          59  st7735.o(.constdata)
    Rcmd2green                               0x00001925   Data          13  st7735.o(.constdata)
    Rcmd2red                                 0x00001932   Data          13  st7735.o(.constdata)
    Rcmd3                                    0x0000193f   Data          43  st7735.o(.constdata)
    .constdata                               0x00001b6a   Section        6  pn532_ssi.o(.constdata)
    ACK_frame                                0x00001b6a   Data           6  pn532_ssi.o(.constdata)
    .data                                    0x20000000   Section        8  iso14443a_detect_st7735.o(.data)
    .data                                    0x20000008   Section       44  st7735.o(.data)
    _width                                   0x20000012   Data           2  st7735.o(.data)
    _height                                  0x20000014   Data           2  st7735.o(.data)
    ColStart                                 0x2000001c   Data           1  st7735.o(.data)
    RowStart                                 0x2000001d   Data           1  st7735.o(.data)
    Rotation                                 0x2000001e   Data           1  st7735.o(.data)
    TabColor                                 0x2000001f   Data           1  st7735.o(.data)
    .data                                    0x20000034   Section        1  pn532_ssi.o(.data)
    command                                  0x20000034   Data           1  pn532_ssi.o(.data)
    .bss                                     0x20000038   Section      255  pn532.o(.bss)
    packet_buffer                            0x20000038   Data         255  pn532.o(.bss)
    .bss                                     0x20000137   Section       12  st7735.o(.bss)
    STACK                                    0x20000148   Section     1024  startup.o(STACK)
    StackMem                                 0x20000148   Data           0  startup.o(STACK)

    Global Symbols

    Symbol Name                              Value     Ov Type        Size  Object(Section)

    BuildAttributes$$THM_ISAv4$E$P$D$K$B$S$7EM$VFPi3$EXTD16$VFPS$VFMA$PE$A:L22UL41UL21$X:L11$S22US41US21$IEEE1$IW$USESV6$~STKCKD$USESV7$~SHL$OSPACE$EBA8$MICROLIB$REQ8$PRES8$EABIv2 0x00000000   Number         0  anon$$obj.o ABSOLUTE
    __ARM_use_no_argv                        0x00000000   Number         0  iso14443a_detect_st7735.o ABSOLUTE
    __Vectors                                0x00000000   Data           0  startup.o(RESET)
    __cpp_initialize__aeabi_                  - Undefined Weak Reference
    __cxa_finalize                            - Undefined Weak Reference
    __decompress                              - Undefined Weak Reference
    _clock_init                               - Undefined Weak Reference
    _microlib_exit                            - Undefined Weak Reference
    Reset_Handler                            0x0000026d   Thumb Code     0  startup.o(RESET)
    NMI_Handler                              0x00000271   Thumb Code     2  startup.o(RESET)
    HardFault_Handler                        0x00000273   Thumb Code     2  startup.o(RESET)
    MemManage_Handler                        0x00000275   Thumb Code     2  startup.o(RESET)
    BusFault_Handler                         0x00000277   Thumb Code     2  startup.o(RESET)
    UsageFault_Handler                       0x00000279   Thumb Code     2  startup.o(RESET)
    SVC_Handler                              0x0000027b   Thumb Code     2  startup.o(RESET)
    DebugMon_Handler                         0x0000027d   Thumb Code     2  startup.o(RESET)
    PendSV_Handler                           0x0000027f   Thumb Code     2  startup.o(RESET)
    SysTick_Handler                          0x00000281   Thumb Code     2  startup.o(RESET)
    ADC0Seq0_Handler                         0x00000283   Thumb Code     0  startup.o(RESET)
    ADC0Seq1_Handler                         0x00000283   Thumb Code     0  startup.o(RESET)
    ADC0Seq2_Handler                         0x00000283   Thumb Code     0  startup.o(RESET)
    ADC0Seq3_Handler                         0x00000283   Thumb Code     0  startup.o(RESET)
    ADC1Seq0_Handler                         0x00000283   Thumb Code     0  startup.o(RESET)
    ADC1Seq1_Handler                         0x00000283   Thumb Code     0  startup.o(RESET)
    ADC1Seq2_Handler                         0x00000283   Thumb Code     0  startup.o(RESET)
    ADC1Seq3_Handler                         0x00000283   Thumb Code     0  startup.o(RESET)
    CAN0_Handler                             0x00000283   Thumb Code     0  startup.o(RESET)
    CAN1_Handler                             0x00000283   Thumb Code     0  startup.o(RESET)
    CAN2_Handler                             0x00000283   Thumb Code     0  startup.o(RESET)
    Comp0_Handler                            0x00000283   Thumb Code     0  startup.o(RESET)
    Comp1_Handler                            0x00000283   Thumb Code     0  startup.o(RESET)
    Comp2_Handler                            0x00000283   Thumb Code     0  startup.o(RESET)
    Ethernet_Handler                         0x00000283   Thumb Code     0  startup.o(RESET)
    ExtBus_Handler                           0x00000283   Thumb Code     0  startup.o(RESET)
    FPU_Handler                              0x00000283   Thumb Code     0  startup.o(RESET)
    Fan0_Handler                             0x00000283   Thumb Code     0  startup.o(RESET)
    FlashCtl_Handler                         0x00000283   Thumb Code     0  startup.o(RESET)
    GPIOPortA_Handler                        0x00000283   Thumb Code     0  startup.o(RESET)
    GPIOPortB_Handler                        0x00000283   Thumb Code     0  startup.o(RESET)
    GPIOPortC_Handler                        0x00000283   Thumb Code     0  startup.o(RESET)
    GPIOPortD_Handler                        0x00000283   Thumb Code     0  startup.o(RESET)
    GPIOPortE_Handler                        0x00000283   Thumb Code     0  startup.o(RESET)
    GPIOPortF_Handler                        0x00000283   Thumb Code     0  startup.o(RESET)
    GPIOPortG_Handler                        0x00000283   Thumb Code     0  startup.o(RESET)
    GPIOPortH_Handler                        0x00000283   Thumb Code     0  startup.o(RESET)
    GPIOPortJ_Handler                        0x00000283   Thumb Code     0  startup.o(RESET)
    GPIOPortK_Handler                        0x00000283   Thumb Code     0  startup.o(RESET)
    GPIOPortL_Handler                        0x00000283   Thumb Code     0  startup.o(RESET)
    GPIOPortM_Handler                        0x00000283   Thumb Code     0  startup.o(RESET)
    GPIOPortN_Handler                        0x00000283   Thumb Code     0  startup.o(RESET)
    GPIOPortP1_Handler                       0x00000283   Thumb Code     0  startup.o(RESET)
    GPIOPortP2_Handler                       0x00000283   Thumb Code     0  startup.o(RESET)
    GPIOPortP3_Handler                       0x00000283   Thumb Code     0  startup.o(RESET)
    GPIOPortP4_Handler                       0x00000283   Thumb Code     0  startup.o(RESET)
    GPIOPortP5_Handler                       0x00000283   Thumb Code     0  startup.o(RESET)
    GPIOPortP6_Handler                       0x00000283   Thumb Code     0  startup.o(RESET)
    GPIOPortP7_Handler                       0x00000283   Thumb Code     0  startup.o(RESET)
    GPIOPortP_Handler                        0x00000283   Thumb Code     0  startup.o(RESET)
    GPIOPortQ1_Handler                       0x00000283   Thumb Code     0  startup.o(RESET)
    GPIOPortQ2_Handler                       0x00000283   Thumb Code     0  startup.o(RESET)
    GPIOPortQ3_Handler                       0x00000283   Thumb Code     0  startup.o(RESET)
    GPIOPortQ4_Handler                       0x00000283   Thumb Code     0  startup.o(RESET)
    GPIOPortQ5_Handler                       0x00000283   Thumb Code     0  startup.o(RESET)
    GPIOPortQ6_Handler                       0x00000283   Thumb Code     0  startup.o(RESET)
    GPIOPortQ7_Handler                       0x00000283   Thumb Code     0  startup.o(RESET)
    GPIOPortQ_Handler                        0x00000283   Thumb Code     0  startup.o(RESET)
    GPIOPortR_Handler                        0x00000283   Thumb Code     0  startup.o(RESET)
    GPIOPortS_Handler                        0x00000283   Thumb Code     0  startup.o(RESET)
    Hibernate_Handler                        0x00000283   Thumb Code     0  startup.o(RESET)
    I2C0_Handler                             0x00000283   Thumb Code     0  startup.o(RESET)
    I2C1_Handler                             0x00000283   Thumb Code     0  startup.o(RESET)
    I2C2_Handler                             0x00000283   Thumb Code     0  startup.o(RESET)
    I2C3_Handler                             0x00000283   Thumb Code     0  startup.o(RESET)
    I2C4_Handler                             0x00000283   Thumb Code     0  startup.o(RESET)
    I2C5_Handler                             0x00000283   Thumb Code     0  startup.o(RESET)
    I2S0_Handler                             0x00000283   Thumb Code     0  startup.o(RESET)
    LPC0_Handler                             0x00000283   Thumb Code     0  startup.o(RESET)
    PECI0_Handler                            0x00000283   Thumb Code     0  startup.o(RESET)
    PWM0Fault_Handler                        0x00000283   Thumb Code     0  startup.o(RESET)
    PWM0Generator0_Handler                   0x00000283   Thumb Code     0  startup.o(RESET)
    PWM0Generator1_Handler                   0x00000283   Thumb Code     0  startup.o(RESET)
    PWM0Generator2_Handler                   0x00000283   Thumb Code     0  startup.o(RESET)
    PWM0Generator3_Handler                   0x00000283   Thumb Code     0  startup.o(RESET)
    PWM1Fault_Handler                        0x00000283   Thumb Code     0  startup.o(RESET)
    PWM1Generator0_Handler                   0x00000283   Thumb Code     0  startup.o(RESET)
    PWM1Generator1_Handler                   0x00000283   Thumb Code     0  startup.o(RESET)
    PWM1Generator2_Handler                   0x00000283   Thumb Code     0  startup.o(RESET)
    PWM1Generator3_Handler                   0x00000283   Thumb Code     0  startup.o(RESET)
    Quadrature0_Handler                      0x00000283   Thumb Code     0  startup.o(RESET)
    Quadrature1_Handler                      0x00000283   Thumb Code     0  startup.o(RESET)
    Quadrature2_Handler                      0x00000283   Thumb Code     0  startup.o(RESET)
    SSI0_Handler                             0x00000283   Thumb Code     0  startup.o(RESET)
    SSI1_Handler                             0x00000283   Thumb Code     0  startup.o(RESET)
    SSI2_Handler                             0x00000283   Thumb Code     0  startup.o(RESET)
    SSI3_Handler                             0x00000283   Thumb Code     0  startup.o(RESET)
    SysCtl_Handler                           0x00000283   Thumb Code     0  startup.o(RESET)
    Timer0A_Handler                          0x00000283   Thumb Code     0  startup.o(RESET)
    Timer0B_Handler                          0x00000283   Thumb Code     0  startup.o(RESET)
    Timer1A_Handler                          0x00000283   Thumb Code     0  startup.o(RESET)
    Timer1B_Handler                          0x00000283   Thumb Code     0  startup.o(RESET)
    Timer2A_Handler                          0x00000283   Thumb Code     0  startup.o(RESET)
    Timer2B_Handler                          0x00000283   Thumb Code     0  startup.o(RESET)
    Timer3A_Handler                          0x00000283   Thumb Code     0  startup.o(RESET)
    Timer3B_Handler                          0x00000283   Thumb Code     0  startup.o(RESET)
    Timer4A_Handler                          0x00000283   Thumb Code     0  startup.o(RESET)
    Timer4B_Handler                          0x00000283   Thumb Code     0  startup.o(RESET)
    Timer5A_Handler                          0x00000283   Thumb Code     0  startup.o(RESET)
    Timer5B_Handler                          0x00000283   Thumb Code     0  startup.o(RESET)
    UART0_Handler                            0x00000283   Thumb Code     0  startup.o(RESET)
    UART1_Handler                            0x00000283   Thumb Code     0  startup.o(RESET)
    UART2_Handler                            0x00000283   Thumb Code     0  startup.o(RESET)
    UART3_Handler                            0x00000283   Thumb Code     0  startup.o(RESET)
    UART4_Handler                            0x00000283   Thumb Code     0  startup.o(RESET)
    UART5_Handler                            0x00000283   Thumb Code     0  startup.o(RESET)
    UART6_Handler                            0x00000283   Thumb Code     0  startup.o(RESET)
    UART7_Handler                            0x00000283   Thumb Code     0  startup.o(RESET)
    USB0_Handler                             0x00000283   Thumb Code     0  startup.o(RESET)
    WDT_Handler                              0x00000283   Thumb Code     0  startup.o(RESET)
    WideTimer0A_Handler                      0x00000283   Thumb Code     0  startup.o(RESET)
    WideTimer0B_Handler                      0x00000283   Thumb Code     0  startup.o(RESET)
    WideTimer1A_Handler                      0x00000283   Thumb Code     0  startup.o(RESET)
    WideTimer1B_Handler                      0x00000283   Thumb Code     0  startup.o(RESET)
    WideTimer2A_Handler                      0x00000283   Thumb Code     0  startup.o(RESET)
    WideTimer2B_Handler                      0x00000283   Thumb Code     0  startup.o(RESET)
    WideTimer3A_Handler                      0x00000283   Thumb Code     0  startup.o(RESET)
    WideTimer3B_Handler                      0x00000283   Thumb Code     0  startup.o(RESET)
    WideTimer4A_Handler                      0x00000283   Thumb Code     0  startup.o(RESET)
    WideTimer4B_Handler                      0x00000283   Thumb Code     0  startup.o(RESET)
    WideTimer5A_Handler                      0x00000283   Thumb Code     0  startup.o(RESET)
    WideTimer5B_Handler                      0x00000283   Thumb Code     0  startup.o(RESET)
    uDMA_Error                               0x00000283   Thumb Code     0  startup.o(RESET)
    uDMA_Handler                             0x00000283   Thumb Code     0  startup.o(RESET)
    __main                                   0x00000285   Thumb Code     0  entry.o(.ARM.Collect$$$$00000000)
    _main_stk                                0x00000285   Thumb Code     0  entry2.o(.ARM.Collect$$$$00000001)
    _main_scatterload                        0x00000289   Thumb Code     0  entry5.o(.ARM.Collect$$$$00000004)
    __main_after_scatterload                 0x0000028d   Thumb Code     0  entry5.o(.ARM.Collect$$$$00000004)
    _main_clock                              0x0000028d   Thumb Code     0  entry7b.o(.ARM.Collect$$$$00000008)
    _main_cpp_init                           0x0000028d   Thumb Code     0  entry8b.o(.ARM.Collect$$$$0000000A)
    _main_init                               0x0000028d   Thumb Code     0  entry9a.o(.ARM.Collect$$$$0000000B)
    __rt_final_cpp                           0x00000295   Thumb Code     0  entry10a.o(.ARM.Collect$$$$0000000D)
    __rt_final_exit                          0x00000295   Thumb Code     0  entry11a.o(.ARM.Collect$$$$0000000F)
    memcmp                                   0x00000299   Thumb Code    26  memcmp.o(.text)
    __scatterload                            0x000002b5   Thumb Code    28  init.o(.text)
    __scatterload_rt2                        0x000002b5   Thumb Code     0  init.o(.text)
    Delay1ms                                 0x000002d9   Thumb Code    32  st7735.o(i.Delay1ms)
    PLL_Init                                 0x000002f9   Thumb Code   118  pll.o(i.PLL_Init)
    PN532_Init                               0x00000375   Thumb Code     8  pn532.o(i.PN532_Init)
    PN532_SSI_Init                           0x0000037d   Thumb Code   260  pn532_ssi.o(i.PN532_SSI_Init)
    PN532_getFirmwareVersion                 0x00000499   Thumb Code    68  pn532.o(i.PN532_getFirmwareVersion)
    SAMConfig                                0x000004e1   Thumb Code    48  pn532.o(i.SAMConfig)
    ST7735_DrawCharS                         0x00000545   Thumb Code   232  st7735.o(i.ST7735_DrawCharS)
    ST7735_DrawPixel                         0x00000639   Thumb Code    64  st7735.o(i.ST7735_DrawPixel)
    ST7735_DrawString                        0x00000681   Thumb Code    86  st7735.o(i.ST7735_DrawString)
    ST7735_FillRect                          0x000006d9   Thumb Code   164  st7735.o(i.ST7735_FillRect)
    ST7735_FillScreen                        0x00000785   Thumb Code    28  st7735.o(i.ST7735_FillScreen)
    ST7735_InitR                             0x000007a9   Thumb Code    90  st7735.o(i.ST7735_InitR)
    ST7735_OutChar                           0x00000825   Thumb Code   176  st7735.o(i.ST7735_OutChar)
    ST7735_OutString                         0x000008f9   Thumb Code    24  st7735.o(i.ST7735_OutString)
    ST7735_OutUDec                           0x00000911   Thumb Code   118  st7735.o(i.ST7735_OutUDec)
    ST7735_SetCursor                         0x0000099d   Thumb Code    22  st7735.o(i.ST7735_SetCursor)
    __scatterload_copy                       0x000009bd   Thumb Code    14  handlers.o(i.__scatterload_copy)
    __scatterload_null                       0x000009cb   Thumb Code     2  handlers.o(i.__scatterload_null)
    __scatterload_zeroinit                   0x000009cd   Thumb Code    14  handlers.o(i.__scatterload_zeroinit)
    fillmessage                              0x00000be5   Thumb Code    64  st7735.o(i.fillmessage)
    main                                     0x00000c55   Thumb Code   570  iso14443a_detect_st7735.o(i.main)
    readPassiveTargetID                      0x00000fd9   Thumb Code    96  pn532.o(i.readPassiveTargetID)
    readResponse                             0x0000103d   Thumb Code   258  pn532_ssi.o(i.readResponse)
    setPassiveActivationRetries              0x000011f5   Thumb Code    52  pn532.o(i.setPassiveActivationRetries)
    writeCommand                             0x00001285   Thumb Code    46  pn532_ssi.o(i.writeCommand)
    dBfs                                     0x0000196a   Data         512  st7735.o(.constdata)
    Region$$Table$$Base                      0x00001b70   Number         0  anon$$obj.o(Region$$Table)
    Region$$Table$$Limit                     0x00001b90   Number         0  anon$$obj.o(Region$$Table)
    uid                                      0x20000000   Data           7  iso14443a_detect_st7735.o(.data)
    uidLength                                0x20000007   Data           1  iso14443a_detect_st7735.o(.data)
    StX                                      0x20000008   Data           4  st7735.o(.data)
    StY                                      0x2000000c   Data           4  st7735.o(.data)
    StTextColor                              0x20000010   Data           2  st7735.o(.data)
    lastj                                    0x20000018   Data           4  st7735.o(.data)
    Messageindex                             0x20000020   Data           4  st7735.o(.data)
    Ymax                                     0x20000024   Data           4  st7735.o(.data)
    Ymin                                     0x20000028   Data           4  st7735.o(.data)
    X                                        0x2000002c   Data           4  st7735.o(.data)
    Yrange                                   0x20000030   Data           4  st7735.o(.data)
    Message                                  0x20000137   Data          12  st7735.o(.bss)
    __initial_sp                             0x20000548   Data           0  startup.o(STACK)



==============================================================================

Memory Map of the image

  Image Entry point : 0x0000026d

  Load Region LR_1 (Base: 0x00000000, Size: 0x00001bc8, Max: 0xffffffff, ABSOLUTE)

    Execution Region ER_RO (Base: 0x00000000, Size: 0x00001b90, Max: 0xffffffff, ABSOLUTE)

    Base Addr    Size         Type   Attr      Idx    E Section Name        Object

    0x00000000   0x00000284   Code   RO          488  * RESET               startup.o
    0x00000284   0x00000000   Code   RO          579  * .ARM.Collect$$$$00000000  mc_w.l(entry.o)
    0x00000284   0x00000004   Code   RO          590    .ARM.Collect$$$$00000001  mc_w.l(entry2.o)
    0x00000288   0x00000004   Code   RO          593    .ARM.Collect$$$$00000004  mc_w.l(entry5.o)
    0x0000028c   0x00000000   Code   RO          595    .ARM.Collect$$$$00000008  mc_w.l(entry7b.o)
    0x0000028c   0x00000000   Code   RO          597    .ARM.Collect$$$$0000000A  mc_w.l(entry8b.o)
    0x0000028c   0x00000008   Code   RO          598    .ARM.Collect$$$$0000000B  mc_w.l(entry9a.o)
    0x00000294   0x00000000   Code   RO          600    .ARM.Collect$$$$0000000D  mc_w.l(entry10a.o)
    0x00000294   0x00000000   Code   RO          602    .ARM.Collect$$$$0000000F  mc_w.l(entry11a.o)
    0x00000294   0x00000004   Code   RO          591    .ARM.Collect$$$$00002712  mc_w.l(entry2.o)
    0x00000298   0x0000001a   Code   RO          586    .text               mc_w.l(memcmp.o)
    0x000002b2   0x00000002   PAD
    0x000002b4   0x00000024   Code   RO          604    .text               mc_w.l(init.o)
    0x000002d8   0x00000020   Code   RO          210    i.Delay1ms          st7735.o
    0x000002f8   0x0000007c   Code   RO          195    i.PLL_Init          pll.o
    0x00000374   0x00000008   Code   RO           35    i.PN532_Init        pn532.o
    0x0000037c   0x0000011c   Code   RO          496    i.PN532_SSI_Init    pn532_ssi.o
    0x00000498   0x00000048   Code   RO           36    i.PN532_getFirmwareVersion  pn532.o
    0x000004e0   0x00000034   Code   RO           37    i.SAMConfig         pn532.o
    0x00000514   0x00000018   Code   RO          497    i.SS_HIGH           pn532_ssi.o
    0x0000052c   0x00000018   Code   RO          498    i.SS_LOW            pn532_ssi.o
    0x00000544   0x000000f4   Code   RO          219    i.ST7735_DrawCharS  st7735.o
    0x00000638   0x00000048   Code   RO          222    i.ST7735_DrawPixel  st7735.o
    0x00000680   0x00000056   Code   RO          223    i.ST7735_DrawString  st7735.o
    0x000006d6   0x00000002   PAD
    0x000006d8   0x000000ac   Code   RO          224    i.ST7735_FillRect   st7735.o
    0x00000784   0x00000024   Code   RO          225    i.ST7735_FillScreen  st7735.o
    0x000007a8   0x0000007c   Code   RO          227    i.ST7735_InitR      st7735.o
    0x00000824   0x000000d4   Code   RO          229    i.ST7735_OutChar    st7735.o
    0x000008f8   0x00000018   Code   RO          230    i.ST7735_OutString  st7735.o
    0x00000910   0x0000008c   Code   RO          231    i.ST7735_OutUDec    st7735.o
    0x0000099c   0x00000020   Code   RO          240    i.ST7735_SetCursor  st7735.o
    0x000009bc   0x0000000e   Code   RO          608    i.__scatterload_copy  mc_w.l(handlers.o)
    0x000009ca   0x00000002   Code   RO          609    i.__scatterload_null  mc_w.l(handlers.o)
    0x000009cc   0x0000000e   Code   RO          610    i.__scatterload_zeroinit  mc_w.l(handlers.o)
    0x000009da   0x00000056   Code   RO          244    i.commandList       st7735.o
    0x00000a30   0x00000184   Code   RO          245    i.commonInit        st7735.o
    0x00000bb4   0x00000018   Code   RO            1    i.delay             iso14443a_detect_st7735.o
    0x00000bcc   0x00000018   Code   RO          499    i.delay             pn532_ssi.o
    0x00000be4   0x00000048   Code   RO          248    i.fillmessage       st7735.o
    0x00000c2c   0x00000028   Code   RO          500    i.isReadyForResponse  pn532_ssi.o
    0x00000c54   0x000002fc   Code   RO            2    i.main              iso14443a_detect_st7735.o
    0x00000f50   0x00000012   Code   RO          250    i.pushColor         st7735.o
    0x00000f62   0x00000002   PAD
    0x00000f64   0x00000034   Code   RO          501    i.read              pn532_ssi.o
    0x00000f98   0x00000040   Code   RO          502    i.readACK           pn532_ssi.o
    0x00000fd8   0x00000064   Code   RO           48    i.readPassiveTargetID  pn532.o
    0x0000103c   0x00000108   Code   RO          503    i.readResponse      pn532_ssi.o
    0x00001144   0x0000003c   Code   RO          504    i.reverseBitOrder   pn532_ssi.o
    0x00001180   0x00000074   Code   RO          251    i.setAddrWindow     st7735.o
    0x000011f4   0x00000038   Code   RO           49    i.setPassiveActivationRetries  pn532.o
    0x0000122c   0x00000022   Code   RO          505    i.waitToBeReadyForResponse  pn532_ssi.o
    0x0000124e   0x00000002   PAD
    0x00001250   0x00000034   Code   RO          506    i.write             pn532_ssi.o
    0x00001284   0x00000034   Code   RO          507    i.writeCommand      pn532_ssi.o
    0x000012b8   0x0000007e   Code   RO          508    i.writeFrame        pn532_ssi.o
    0x00001336   0x00000002   PAD
    0x00001338   0x00000030   Code   RO          252    i.writecommand      st7735.o
    0x00001368   0x00000020   Code   RO          253    i.writedata         st7735.o
    0x00001388   0x000007e2   Data   RO          255    .constdata          st7735.o
    0x00001b6a   0x00000006   Data   RO          509    .constdata          pn532_ssi.o
    0x00001b70   0x00000020   Data   RO          606    Region$$Table       anon$$obj.o


    Execution Region ER_RW (Base: 0x20000000, Size: 0x00000038, Max: 0xffffffff, ABSOLUTE)

    Base Addr    Size         Type   Attr      Idx    E Section Name        Object

    0x20000000   0x00000008   Data   RW            3    .data               iso14443a_detect_st7735.o
    0x20000008   0x0000002c   Data   RW          256    .data               st7735.o
    0x20000034   0x00000001   Data   RW          510    .data               pn532_ssi.o


    Execution Region ER_ZI (Base: 0x20000038, Size: 0x00000510, Max: 0xffffffff, ABSOLUTE)

    Base Addr    Size         Type   Attr      Idx    E Section Name        Object

    0x20000038   0x000000ff   Zero   RW           50    .bss                pn532.o
    0x20000137   0x0000000c   Zero   RW          254    .bss                st7735.o
    0x20000143   0x00000005   PAD
    0x20000148   0x00000400   Zero   RW          486    STACK               startup.o


==============================================================================

Image component sizes


      Code (inc. data)   RO Data    RW Data    ZI Data      Debug   Object Name

       788        194          0          8          0       6499   iso14443a_detect_st7735.o
       124          6          0          0          0        523   pll.o
       288         16          0          0        255       3716   pn532.o
      1100         66          6          1          0       8543   pn532_ssi.o
      1934        220       2018         44         12      15217   st7735.o
       644        620          0          0       1024        804   startup.o

    ----------------------------------------------------------------------
      4886       1122       2056         56       1296      35302   Object Totals
         0          0         32          0          0          0   (incl. Generated)
         8          0          0          3          5          0   (incl. Padding)

    ----------------------------------------------------------------------

      Code (inc. data)   RO Data    RW Data    ZI Data      Debug   Library Member Name

         0          0          0          0          0          0   entry.o
         0          0          0          0          0          0   entry10a.o
         0          0          0          0          0          0   entry11a.o
         8          4          0          0          0          0   entry2.o
         4          0          0          0          0          0   entry5.o
         0          0          0          0          0          0   entry7b.o
         0          0          0          0          0          0   entry8b.o
         8          4          0          0          0          0   entry9a.o
        30          0          0          0          0          0   handlers.o
        36          8          0          0          0         68   init.o
        26          0          0          0          0         80   memcmp.o

    ----------------------------------------------------------------------
       114         16          0          0          0        148   Library Totals
         2          0          0          0          0          0   (incl. Padding)

    ----------------------------------------------------------------------

      Code (inc. data)   RO Data    RW Data    ZI Data      Debug   Library Name

       112         16          0          0          0        148   mc_w.l

    ----------------------------------------------------------------------
       114         16          0          0          0        148   Library Totals

    ----------------------------------------------------------------------

==============================================================================


      Code (inc. data)   RO Data    RW Data    ZI Data      Debug   

      5000       1138       2056         56       1296      31850   Grand Totals
      5000       1138       2056         56       1296      31850   ELF Image Totals
      5000       1138       2056         56          0          0   ROM Totals

==============================================================================

    Total RO  Size (Code + RO Data)                 7056 (   6.89kB)
    Total RW  Size (RW Data + ZI Data)              1352 (   1.32kB)
    Total ROM Size (Code + RO Data + RW Data)       7112 (   6.95kB)

==============================================================================

