<html>
<body>
<pre>
<h1>µVision Build Log</h1>
<h2>Project:</h2>
C:\Users\Zee Livermorium\Desktop\PN532_TM4C123\Projects\PN532_MifareClassic_Update_NDEF_4C123\MifareClassic_Update_NDEF.uvproj
Project File Date:  05/23/2018

<h2>Output:</h2>
Rebuild target 'MifareClassic_Update_NDEF'
compiling MifareClassic_Update_NDEF.c...
compiling PN532.c...
compiling PN532_SSI.c...
compiling LED.c...
compiling PLL.c...
compiling Serial.c...
assembling startup.s...
linking...
Program Size: Code=4704 RO-data=360 RW-data=36 ZI-data=1284  
".\MifareClassic_Update_NDEF.axf" - 0 Error(s), 0 Warning(s).
</pre>
</body>
</html>
morium\\Desktop\\PN532_TM4C123\\Projects\\PN532_MifareClassic_Update_NDEF_4C123\\MifareClassic_Update_NDEF.axf" 
Connecting: Mode=JTAG, Speed=1000000Hz
Connection failed!, error code=&d
Error: Flash Download failed  -  Target DLL has been cancelled
