<html>
<body>
<pre>
<h1>µVision Build Log</h1>
<h2>Project:</h2>
C:\Users\Zee Livermorium\Desktop\PN532_TM4C123\Projects\PN532_MifareClassic_Memory_Dump_4C123\MifareClassic_Memory_Dump.uvproj
Project File Date:  05/23/2018

<h2>Output:</h2>
Rebuild target 'MifareClassic_Memory_Dump'
compiling MifareClassic_Memory_Dump.c...
compiling PN532.c...
compiling LED.c...
compiling PLL.c...
compiling Serial.c...
assembling startup.s...
compiling PN532_SSI.c...
linking...
Program Size: Code=4400 RO-data=112 RW-data=24 ZI-data=1296  
".\MifareClassic_Memory_Dump.axf" - 0 Error(s), 0 Warning(s).
</pre>
</body>
</html>
