<html>
<body>
<pre>
<h1>µVision Build Log</h1>
<h2>Project:</h2>
C:\Users\Zee Livermorium\Desktop\PN532_TM4C123\Projects\PN532_MifareClassic_Reset_Default_4C123\MifareClassic_Reset_Default.uvproj
Project File Date:  05/23/2018

<h2>Output:</h2>
Rebuild target 'MifareClassic_Reset_Default'
compiling MifareClassic_Reset_Default.c...
compiling PN532.c...
compiling LED.c...
compiling PLL.c...
compiling Serial.c...
assembling startup.s...
compiling PN532_SSI.c...
linking...
Program Size: Code=5018 RO-data=46 RW-data=24 ZI-data=1296  
".\MifareClassic_Reset_Default.axf" - 0 Error(s), 0 Warning(s).
</pre>
</body>
</html>
